<采集模块>	
2019-07-08 10:17:22
Error:	<采集模块>	
方法名:GetNodeValue	
错误信息:未将对象引用设置到对象的实例。	
数据源:MotorContor	
StackTrace:   在 Common.Xml.XmlHelper.GetNodeValue(String nodePath, XmlNode parentNode) 位置 f:\Projects\正运动G代码程序\MotorContor\MotorContor\MotorContor\Common\XmlHelper.cs:行号 140	
TargetSite:System.String GetNodeValue(System.String, System.Xml.XmlNode)	

<采集模块>	
2019-07-08 10:17:22
Error:	未将对象引用设置到对象的实例。
<采集模块>	
2019-07-08 10:17:22
Error:	<采集模块>	
方法名:GetNodeValue	
错误信息:未将对象引用设置到对象的实例。	
数据源:MotorContor	
StackTrace:   在 Common.Xml.XmlHelper.GetNodeValue(String nodePath, XmlNode parentNode) 位置 f:\Projects\正运动G代码程序\MotorContor\MotorContor\MotorContor\Common\XmlHelper.cs:行号 140	
TargetSite:System.String GetNodeValue(System.String, System.Xml.XmlNode)	

<采集模块>	
2019-07-08 10:17:22
Error:	未将对象引用设置到对象的实例。
<采集模块>	
2019-07-08 10:17:22
Error:	<采集模块>	
方法名:GetNodeValue	
错误信息:未将对象引用设置到对象的实例。	
数据源:MotorContor	
StackTrace:   在 Common.Xml.XmlHelper.GetNodeValue(String nodePath, XmlNode parentNode) 位置 f:\Projects\正运动G代码程序\MotorContor\MotorContor\MotorContor\Common\XmlHelper.cs:行号 140	
TargetSite:System.String GetNodeValue(System.String, System.Xml.XmlNode)	

<采集模块>	
2019-07-08 10:17:22
Error:	未将对象引用设置到对象的实例。
<采集模块>	
2019-07-08 10:17:22
Error:	<采集模块>	
方法名:GetNodeValue	
错误信息:未将对象引用设置到对象的实例。	
数据源:MotorContor	
StackTrace:   在 Common.Xml.XmlHelper.GetNodeValue(String nodePath, XmlNode parentNode) 位置 f:\Projects\正运动G代码程序\MotorContor\MotorContor\MotorContor\Common\XmlHelper.cs:行号 140	
TargetSite:System.String GetNodeValue(System.String, System.Xml.XmlNode)	

<采集模块>	
2019-07-08 10:17:22
Error:	未将对象引用设置到对象的实例。
<采集模块>	
2019-07-08 10:17:22
Error:	<采集模块>	
方法名:GetNodeValue	
错误信息:未将对象引用设置到对象的实例。	
数据源:MotorContor	
StackTrace:   在 Common.Xml.XmlHelper.GetNodeValue(String nodePath, XmlNode parentNode) 位置 f:\Projects\正运动G代码程序\MotorContor\MotorContor\MotorContor\Common\XmlHelper.cs:行号 140	
TargetSite:System.String GetNodeValue(System.String, System.Xml.XmlNode)	

<采集模块>	
2019-07-08 10:17:22
Error:	未将对象引用设置到对象的实例。
<采集模块>	
2019-07-08 10:17:22
Error:	<采集模块>	
方法名:GetNodeValue	
错误信息:未将对象引用设置到对象的实例。	
数据源:MotorContor	
StackTrace:   在 Common.Xml.XmlHelper.GetNodeValue(String nodePath, XmlNode parentNode) 位置 f:\Projects\正运动G代码程序\MotorContor\MotorContor\MotorContor\Common\XmlHelper.cs:行号 140	
TargetSite:System.String GetNodeValue(System.String, System.Xml.XmlNode)	

<采集模块>	
2019-07-08 10:17:22
Error:	未将对象引用设置到对象的实例。
<采集模块>	
2019-07-08 10:17:23
Error:	<采集模块>	
方法名:GetNodeValue	
错误信息:未将对象引用设置到对象的实例。	
数据源:MotorContor	
StackTrace:   在 Common.Xml.XmlHelper.GetNodeValue(String nodePath, XmlNode parentNode) 位置 f:\Projects\正运动G代码程序\MotorContor\MotorContor\MotorContor\Common\XmlHelper.cs:行号 140	
TargetSite:System.String GetNodeValue(System.String, System.Xml.XmlNode)	

<采集模块>	
2019-07-08 10:17:23
Error:	未将对象引用设置到对象的实例。
<采集模块>	
2019-07-08 10:17:23
Error:	<采集模块>	
方法名:GetNodeValue	
错误信息:未将对象引用设置到对象的实例。	
数据源:MotorContor	
StackTrace:   在 Common.Xml.XmlHelper.GetNodeValue(String nodePath, XmlNode parentNode) 位置 f:\Projects\正运动G代码程序\MotorContor\MotorContor\MotorContor\Common\XmlHelper.cs:行号 140	
TargetSite:System.String GetNodeValue(System.String, System.Xml.XmlNode)	

<采集模块>	
2019-07-08 10:17:23
Error:	未将对象引用设置到对象的实例。
<采集模块>	
2019-07-08 10:18:44
Error:	<采集模块>	
方法名:GetNodeValue	
错误信息:未将对象引用设置到对象的实例。	
数据源:MotorContor	
StackTrace:   在 Common.Xml.XmlHelper.GetNodeValue(String nodePath, XmlNode parentNode) 位置 f:\Projects\正运动G代码程序\MotorContor\MotorContor\MotorContor\Common\XmlHelper.cs:行号 140	
TargetSite:System.String GetNodeValue(System.String, System.Xml.XmlNode)	

<采集模块>	
2019-07-08 10:18:44
Error:	未将对象引用设置到对象的实例。
<采集模块>	
2019-07-08 10:20:01
Error:	<采集模块>	
方法名:GetNodeValue	
错误信息:未将对象引用设置到对象的实例。	
数据源:MotorContor	
StackTrace:   在 Common.Xml.XmlHelper.GetNodeValue(String nodePath, XmlNode parentNode) 位置 f:\Projects\正运动G代码程序\MotorContor\MotorContor\MotorContor\Common\XmlHelper.cs:行号 140	
TargetSite:System.String GetNodeValue(System.String, System.Xml.XmlNode)	

<采集模块>	
2019-07-08 10:20:07
Error:	未将对象引用设置到对象的实例。
